.\mvnw : WARNING: A terminally deprecated method in sun.misc.Unsafe has been called
En línea: 1 Carácter: 1
+ .\mvnw clean compile -q > compile.log 2>&1; Get-Content compile.log | ...
+ ~~~~~~~~~~~~~~~~~~~~~~~~~~~~~~~~~~~~~~~~~~
    + CategoryInfo          : NotSpecified: (WARNING: A term...has been called:String) [], RemoteException
    + FullyQualifiedErrorId : NativeCommandError
 
WARNING: sun.misc.Unsafe::staticFieldBase has been called by com.google.inject.internal.aop.HiddenClassDefiner 
(file:/C:/Users/Usuario/.m2/wrapper/dists/apache-maven-3.9.11/03d7e36a140982eea48e22c1dcac01d8862b2550b2939e09a0809bbc5182a5bc/lib/guice-5.1.0-classes.jar)
WARNING: Please consider reporting this to the maintainers of class com.google.inject.internal.aop.HiddenClassDefiner
WARNING: sun.misc.Unsafe::staticFieldBase will be removed in a future release
[ERROR] COMPILATION ERROR : 
[ERROR] /C:/Users/Usuario/OneDrive/Desktop/MarketDelivery.Java/src/main/java/com/proyecto/MarketDelivery/controller/FacturaController.java:[39,20] cannot find symbol
  symbol:   method setId(java.lang.Integer)
  location: variable factura of type com.proyecto.MarketDelivery.model.Factura
[ERROR] /C:/Users/Usuario/OneDrive/Desktop/MarketDelivery.Java/src/main/java/com/proyecto/MarketDelivery/controller/UsuarioController.java:[25,72] incompatible types: com.proyecto.MarketDelivery.model.Usuario cannot be converted to java.util.Optional<com.proyecto.MarketDelivery.model.Usuario>
[ERROR] /C:/Users/Usuario/OneDrive/Desktop/MarketDelivery.Java/src/main/java/com/proyecto/MarketDelivery/controller/UsuarioController.java:[36,72] incompatible types: com.proyecto.MarketDelivery.model.Usuario cannot be converted to java.util.Optional<com.proyecto.MarketDelivery.model.Usuario>
[ERROR] Failed to execute goal org.apache.maven.plugins:maven-compiler-plugin:3.13.0:compile (default-compile) on project MarketDelivery: Compilation failure: Compilation failure: 
[ERROR] /C:/Users/Usuario/OneDrive/Desktop/MarketDelivery.Java/src/main/java/com/proyecto/MarketDelivery/controller/FacturaController.java:[39,20] cannot find symbol
[ERROR]   symbol:   method setId(java.lang.Integer)
[ERROR]   location: variable factura of type com.proyecto.MarketDelivery.model.Factura
[ERROR] /C:/Users/Usuario/OneDrive/Desktop/MarketDelivery.Java/src/main/java/com/proyecto/MarketDelivery/controller/UsuarioController.java:[25,72] incompatible types: com.proyecto.MarketDelivery.model.Usuario cannot be converted to java.util.Optional<com.proyecto.MarketDelivery.model.Usuario>
[ERROR] /C:/Users/Usuario/OneDrive/Desktop/MarketDelivery.Java/src/main/java/com/proyecto/MarketDelivery/controller/UsuarioController.java:[36,72] incompatible types: com.proyecto.MarketDelivery.model.Usuario cannot be converted to java.util.Optional<com.proyecto.MarketDelivery.model.Usuario>
[ERROR] -> [Help 1]
[ERROR] 
[ERROR] To see the full stack trace of the errors, re-run Maven with the -e switch.
[ERROR] Re-run Maven using the -X switch to enable full debug logging.
[ERROR] 
[ERROR] For more information about the errors and possible solutions, please read the following articles:
[ERROR] [Help 1] http://cwiki.apache.org/confluence/display/MAVEN/MojoFailureException
